WARNING: A restricted method in java.lang.System has been called
WARNING: java.lang.System::load has been called by net.rubygrapefruit.platform.internal.NativeLibraryLoader in an unnamed module (file:/E:/Data/Gradle/wrapper/dists/gradle-9.2.1-bin/2t0n5ozlw9xmuyvbp7dnzaxug/gradle-9.2.1/lib/native-platform-0.22-milestone-29.jar)
WARNING: Use --enable-native-access=ALL-UNNAMED to avoid a warning for callers in this module
WARNING: Restricted methods will be blocked in a future release unless native access is enabled

Initialized native services in: E:\Data\Gradle\native
Initialized jansi services in: E:\Data\Gradle\native
Found daemon DaemonInfo{pid=28760, address=[af9725bb-a4d1-41b6-8b3b-a6941319e649 port:58508, addresses:[/127.0.0.1]], state=Idle, lastBusy=1772487053605, context=DefaultDaemonContext[uid=194cfbad-33dc-49f7-930d-746731a1b766,javaHome=C:\Program Files\Android\Android Studio\jbr,javaVersion=21,javaVendor=JetBrains s.r.o.,daemonRegistryDir=E:\Data\Gradle\daemon,pid=28760,idleTimeout=10800000,priority=NORMAL,applyInstrumentationAgent=true,nativeServicesMode=ENABLED,daemonOpts=-Xmx2048m,-Dfile.encoding=UTF-8,-Duser.country=US,-Duser.language=en,-Duser.variant]} however its context does not match the desired criteria.
JVM is incompatible.
Wanted: DaemonRequestContext{jvmCriteria=C:\Program Files\Java\jdk-24 (no JDK specified, using current Java home), daemonOpts=[-Xmx2048m, -Dfile.encoding=UTF-8, -Duser.country=US, -Duser.language=en, -Duser.variant], applyInstrumentationAgent=true, nativeServicesMode=ENABLED, priority=NORMAL}
Actual: DefaultDaemonContext[uid=194cfbad-33dc-49f7-930d-746731a1b766,javaHome=C:\Program Files\Android\Android Studio\jbr,javaVersion=21,javaVendor=JetBrains s.r.o.,daemonRegistryDir=E:\Data\Gradle\daemon,pid=28760,idleTimeout=10800000,priority=NORMAL,applyInstrumentationAgent=true,nativeServicesMode=ENABLED,daemonOpts=-Xmx2048m,-Dfile.encoding=UTF-8,-Duser.country=US,-Duser.language=en,-Duser.variant]

  Looking for a different daemon...
The client will now receive all logging from the daemon (pid: 28828). The daemon log file: E:\Data\Gradle\daemon\9.2.1\daemon-28828.out.log
Starting 26th build in daemon [uptime: 32 mins 5.138 secs, performance: 98%, GC rate: 0.00/s, heap usage: 0% of 2 GiB]
Using 8 worker leases.
Operational build model parameters: {requiresToolingModels=false, parallelProjectExecution=false, configureOnDemand=false, configurationCache=false, configurationCacheParallelStore=false, configurationCacheParallelLoad=true, isolatedProjects=false, parallelProjectConfiguration=false, intermediateModelCache=false, parallelToolingApiActions=false, invalidateCoupledProjects=false, modelAsProjectDependency=false, resilientModelBuilding=false}
Now considering [C:\Users\WTS-PC\source\repos\VCFEditor\AndroidCompanion] as hierarchies to watch
Watching the file system is configured to be enabled if available
File system watching is active
Starting Build
Settings evaluated using settings file 'C:\Users\WTS-PC\source\repos\VCFEditor\AndroidCompanion\settings.gradle.kts'.
Projects loaded. Root project using build file 'C:\Users\WTS-PC\source\repos\VCFEditor\AndroidCompanion\build.gradle.kts'.
Included projects: [root project 'VCFEditorCompanion', project ':app']

> Configure project :
Evaluating root project 'VCFEditorCompanion' using build file 'C:\Users\WTS-PC\source\repos\VCFEditor\AndroidCompanion\build.gradle.kts'.
Resolved plugin [id: 'com.android.application', version: '9.0.1', apply: false]
Resolved plugin [id: 'org.jetbrains.kotlin.android', version: '2.3.10', apply: false]
Resolved plugin [id: 'org.jetbrains.kotlin.plugin.compose', version: '2.3.10', apply: false]
Resolved plugin [id: 'com.google.dagger.hilt.android', version: '2.59.2', apply: false]
Resolved plugin [id: 'com.google.devtools.ksp', version: '2.3.6', apply: false]

> Configure project :app
Evaluating project ':app' using build file 'C:\Users\WTS-PC\source\repos\VCFEditor\AndroidCompanion\app\build.gradle.kts'.
Resolved plugin [id: 'com.android.application']
Resolved plugin [id: 'org.jetbrains.kotlin.plugin.compose']
Resolved plugin [id: 'com.google.dagger.hilt.android']
Resolved plugin [id: 'com.google.devtools.ksp']
Build db3c7d4a-676b-430d-acf4-ce979a5ed0b7 is started
Using default execution profile
Detected Android Gradle Plugin compose compiler configuration
Detected Android Gradle Plugin compose compiler configuration
Detected Android Gradle Plugin compose compiler configuration
Detected Android Gradle Plugin compose compiler configuration
All projects evaluated.
Task path ':app:clean' matched project ':app'
Task name matched 'clean'
Task path ':app:kspDebugKotlin' matched project ':app'
Task name matched 'kspDebugKotlin'
Selected primary task 'clean' from project :app
Selected primary task 'kspDebugKotlin' from project :app
Adding -Xuse-inline-scopes-numbers Kotlin compiler flag for task :app:compileDebugKotlin
Tasks to be executed: [task ':app:clean', task ':app:kspDebugKotlin']
Tasks that were excluded: []
Resolve mutations for :app:clean (Thread[#1511,Execution worker,5,main]) started.
:app:clean (Thread[#1511,Execution worker,5,main]) started.
destroyer locations for task group 0 (Thread[#1510,included builds,5,main]) started.

> Task :app:clean
Caching disabled for task ':app:clean' because:
  Build cache is disabled
Task ':app:clean' is not up-to-date because:
  Task has not declared any outputs despite executing actions.
Resolve mutations for :app:kspDebugKotlin (Thread[#1511,Execution worker,5,main]) started.
:app:kspDebugKotlin (Thread[#1510,included builds,5,main]) started.

> Task :app:kspDebugKotlin
Caching disabled for task ':app:kspDebugKotlin' because:
  Build cache is disabled
Task ':app:kspDebugKotlin' is not up-to-date because:
  Task has failed previously.
The input changes require a full rebuild for incremental task ':app:kspDebugKotlin'.
i: [ksp] loaded provider(s): [dagger.hilt.processor.internal.uninstallmodules.KspUninstallModulesProcessor$Provider, dagger.hilt.android.processor.internal.viewmodel.KspViewModelProcessor$Provider, dagger.hilt.processor.internal.earlyentrypoint.KspEarlyEntryPointProcessor$Provider, dagger.hilt.android.processor.internal.androidentrypoint.KspAndroidEntryPointProcessor$Provider, dagger.hilt.processor.internal.definecomponent.KspDefineComponentProcessor$Provider, dagger.hilt.processor.internal.originatingelement.KspOriginatingElementProcessor$Provider, dagger.hilt.android.processor.internal.bindvalue.KspBindValueProcessor$Provider, dagger.hilt.processor.internal.root.KspComponentTreeDepsProcessor$Provider, dagger.hilt.processor.internal.root.KspRootProcessor$Provider, dagger.hilt.processor.internal.aliasof.KspAliasOfProcessor$Provider, dagger.hilt.processor.internal.aggregateddeps.KspAggregatedDepsProcessor$Provider, dagger.hilt.processor.internal.generatesrootinput.KspGeneratesRootInputProcessor$Provider, dagger.hilt.android.processor.internal.customtestapplication.KspCustomTestApplicationProcessor$Provider, androidx.hilt.AndroidXHiltKspProcessor$Provider, dagger.internal.codegen.KspComponentProcessor$Provider]
e: [ksp] InjectProcessingStep was unable to process 'repository' because 'RestoreManager' could not be resolved.

Dependency trace:
    => element (CLASS): com.vcfeditor.companion.feature.server.service.ContactsServerService
    => element (FIELD): restoreManager
    => type (ERROR field type): RestoreManager

If type 'RestoreManager' is a generated type, check above for compilation errors that may have prevented the type from being generated. Otherwise, ensure that type 'RestoreManager' is on your classpath.
e: [ksp] InjectProcessingStep was unable to process 'fileSystemRepository' because 'RestoreManager' could not be resolved.

Dependency trace:
    => element (CLASS): com.vcfeditor.companion.feature.server.service.ContactsServerService
    => element (FIELD): restoreManager
    => type (ERROR field type): RestoreManager

If type 'RestoreManager' is a generated type, check above for compilation errors that may have prevented the type from being generated. Otherwise, ensure that type 'RestoreManager' is on your classpath.
e: [ksp] InjectProcessingStep was unable to process 'streamTransferManager' because 'RestoreManager' could not be resolved.

Dependency trace:
    => element (CLASS): com.vcfeditor.companion.feature.server.service.ContactsServerService
    => element (FIELD): restoreManager
    => type (ERROR field type): RestoreManager

If type 'RestoreManager' is a generated type, check above for compilation errors that may have prevented the type from being generated. Otherwise, ensure that type 'RestoreManager' is on your classpath.
e: [ksp] InjectProcessingStep was unable to process 'galleryRepository' because 'RestoreManager' could not be resolved.

Dependency trace:
    => element (CLASS): com.vcfeditor.companion.feature.server.service.ContactsServerService
    => element (FIELD): restoreManager
    => type (ERROR field type): RestoreManager

If type 'RestoreManager' is a generated type, check above for compilation errors that may have prevented the type from being generated. Otherwise, ensure that type 'RestoreManager' is on your classpath.
e: [ksp] InjectProcessingStep was unable to process 'backupManager' because 'RestoreManager' could not be resolved.

Dependency trace:
    => element (CLASS): com.vcfeditor.companion.feature.server.service.ContactsServerService
    => element (FIELD): restoreManager
    => type (ERROR field type): RestoreManager

If type 'RestoreManager' is a generated type, check above for compilation errors that may have prevented the type from being generated. Otherwise, ensure that type 'RestoreManager' is on your classpath.
e: [ksp] InjectProcessingStep was unable to process 'restoreManager' because 'RestoreManager' could not be resolved.

Dependency trace:
    => element (CLASS): com.vcfeditor.companion.feature.server.service.ContactsServerService
    => element (FIELD): restoreManager
    => type (ERROR field type): RestoreManager

If type 'RestoreManager' is a generated type, check above for compilation errors that may have prevented the type from being generated. Otherwise, ensure that type 'RestoreManager' is on your classpath.

> Task :app:kspDebugKotlin FAILED
Build db3c7d4a-676b-430d-acf4-ce979a5ed0b7 is closed

FAILURE: Build failed with an exception.

* What went wrong:
Execution failed for task ':app:kspDebugKotlin'.
> A failure occurred while executing com.google.devtools.ksp.gradle.KspAAWorkerAction
   > KSP failed with exit code: PROCESSING_ERROR

* Try:
> Run with --stacktrace option to get the stack trace.
> Run with --debug option to get more log output.
> Run with --scan to generate a Build Scan (powered by Develocity).
> Get more help at https://help.gradle.org.

BUILD FAILED in 8s
2 actionable tasks: 2 executed
Watched directory hierarchies: [C:\Users\WTS-PC\source\repos\VCFEditor\AndroidCompanion]
